../Core/Src/lora.c:8:6:Lora_Init	144	static
../Core/Src/lora.c:44:9:MyStsrStsr	16	static
../Core/Src/lora.c:56:6:Lora_RxBuf_Bytes	16	static
../Core/Src/lora.c:68:6:Lora_Message_TX	168	static
../Core/Src/lora.c:99:6:Lora_Message_RX	8	static
../Core/Src/lora.c:103:6:Lora_Get_Message_RX	152	static
../Core/Src/lora.c:115:6:Lora_Reset	144	static
../Core/Src/lora.c:130:6:Lora_TX_ReadyStatus	8	static
../Core/Src/lora.c:135:6:Lora_RxBuf_String	16	static
../Core/Src/lora.c:144:10:Lora_RxNbrBytes	8	static
../Core/Src/lora.c:148:6:Lora_Flush_Buf	24	static
../Core/Src/lora.c:154:10:Lora_SetMode	16	static
../Core/Src/lora.c:189:10:Lora_GetMode	16	static
../Core/Src/lora.c:199:6:Lora_GetVersion	144	static
../Core/Src/lora.c:213:6:Lora_GetOptions	144	static
